Γû▓ Next.js 16.2.2 (Turbopack)
- Environments: .env.local

  Creating an optimized production build ...
npx : Found 1 warning 
while optimizing 
generated CSS:
At line:1 char:1
+ npx next build > 
build_output.txt 2>&1; 
type build_output.txt
+ ~~~~~~~~~~~~~~~~~~~~~~~~
~~~~~~~~~~~~~~
    + CategoryInfo        
      : NotSpecified: (F  
  ound 1 warning... gen   
 erated CSS::String) [    
], RemoteException
    + FullyQualifiedError 
   Id : NativeCommandErr  
  or
 

[2mΓöé   }[22m
[2mΓöé }[22m
[2mΓöé[22m @import url('
https://fonts.googleapis.c
om/css2?family=Inter:wght@
300;400;500;600;700;800;90
0&display=swap');
[2mΓöå[22m        
[33m[2m^--[22m @import 
rules must precede all 
rules aside from @charset 
and @layer statements[39m
[2mΓöå[22m
[2mΓöé :root {[22m
[2mΓöé   --bg-primary: 
#06080f;[22m

Γ£ô Compiled successfully in 1300ms
  Running TypeScript ...
  Finished TypeScript in 1737ms ...
  Collecting page data using 5 workers ...
  Generating static pages using 5 workers (0/4) ...
  Generating static pages using 5 workers (1/4) 
  Generating static pages using 5 workers (2/4) 
  Generating static pages using 5 workers (3/4) 
Γ£ô Generating static pages using 5 workers (4/4) in 343ms
  Finalizing page optimization ...

Route (app)
Γöî Γùï /
Γöö Γùï /_not-found


Γùï  (Static)  prerendered as static content

